[INFO] Scanning for projects...
[INFO] 
[INFO] -----------------------< com.tunara:tunara-api >------------------------
[INFO] Building tunara-api 0.0.1-SNAPSHOT
[INFO]   from pom.xml
[INFO] --------------------------------[ jar ]---------------------------------
[INFO] 
[INFO] >>> spring-boot:4.1.1:run (default-cli) > test-compile @ tunara-api >>>
[INFO] 
[INFO] --- resources:3.5.0:resources (default-resources) @ tunara-api ---
[INFO] Copying 1 resource from src/main/resources to target/classes
[INFO] Copying 1 resource from src/main/resources to target/classes
[INFO] 
[INFO] --- compiler:3.15.0:compile (default-compile) @ tunara-api ---
[INFO] Recompiling the module because of changed source code.
[INFO] Compiling 26 source files with javac [debug parameters release 21] to target/classes
[INFO] 
[INFO] --- resources:3.5.0:testResources (default-testResources) @ tunara-api ---
[INFO] skip non existing resourceDirectory /Users/mmunoz/Tunara/tunara-api/src/test/resources
[INFO] 
[INFO] --- compiler:3.15.0:testCompile (default-testCompile) @ tunara-api ---
[INFO] Recompiling the module because of changed dependency.
[INFO] Compiling 1 source file with javac [debug parameters release 21] to target/test-classes
[INFO] 
[INFO] <<< spring-boot:4.1.1:run (default-cli) < test-compile @ tunara-api <<<
[INFO] 
[INFO] 
[INFO] --- spring-boot:4.1.1:run (default-cli) @ tunara-api ---
[INFO] Attaching agents: []

  .   ____          _            __ _ _
 /\\ / ___'_ __ _ _(_)_ __  __ _ \ \ \ \
( ( )\___ | '_ | '_| | '_ \/ _` | \ \ \ \
 \\/  ___)| |_)| | | | | || (_| |  ) ) ) )
  '  |____| .__|_| |_|_| |_\__, | / / / /
 =========|_|==============|___/=/_/_/_/

 :: Spring Boot ::                (v4.1.1)

2026-09-11T14:25:01.281-07:00  INFO 20011 --- [tunara-api] [           main] com.tunara.api.TunaraApiApplication      : Starting TunaraApiApplication using Java 21.0.12.1 with PID 20011 (/Users/mmunoz/Tunara/tunara-api/target/classes started by mmunoz in /Users/mmunoz/Tunara/tunara-api)
2026-09-11T14:25:01.285-07:00  INFO 20011 --- [tunara-api] [           main] com.tunara.api.TunaraApiApplication      : No active profile set, falling back to 1 default profile: "default"
2026-09-11T14:25:02.603-07:00  INFO 20011 --- [tunara-api] [           main] .s.d.r.c.RepositoryConfigurationDelegate : Bootstrapping Spring Data JPA repositories in DEFAULT mode.
2026-09-11T14:25:02.687-07:00  INFO 20011 --- [tunara-api] [           main] .s.d.r.c.RepositoryConfigurationDelegate : Finished Spring Data repository scanning in 73 ms. Found 3 JPA repository interfaces.
2026-09-11T14:25:03.536-07:00  INFO 20011 --- [tunara-api] [           main] o.s.boot.tomcat.TomcatWebServer          : Tomcat initialized with port 8080 (http)
2026-09-11T14:25:03.552-07:00  INFO 20011 --- [tunara-api] [           main] o.apache.catalina.core.StandardService   : Starting service [Tomcat]
2026-09-11T14:25:03.552-07:00  INFO 20011 --- [tunara-api] [           main] o.apache.catalina.core.StandardEngine    : Starting Servlet engine: [Apache Tomcat/11.0.24]
2026-09-11T14:25:03.608-07:00  INFO 20011 --- [tunara-api] [           main] b.w.c.s.WebApplicationContextInitializer : Root WebApplicationContext: initialization completed in 2236 ms
2026-09-11T14:25:04.197-07:00  INFO 20011 --- [tunara-api] [           main] com.zaxxer.hikari.HikariDataSource       : HikariPool-1 - Starting...
2026-09-11T14:25:04.421-07:00  INFO 20011 --- [tunara-api] [           main] com.zaxxer.hikari.pool.HikariPool        : HikariPool-1 - Added connection org.postgresql.jdbc.PgConnection@3b0ed98a
2026-09-11T14:25:04.423-07:00  INFO 20011 --- [tunara-api] [           main] com.zaxxer.hikari.HikariDataSource       : HikariPool-1 - Start completed.
2026-09-11T14:25:04.447-07:00  INFO 20011 --- [tunara-api] [           main] org.flywaydb.core.FlywayExecutor         : Database: jdbc:postgresql://localhost:5432/tunara (PostgreSQL 17.11)
2026-09-11T14:25:04.518-07:00  INFO 20011 --- [tunara-api] [           main] o.f.core.internal.command.DbValidate     : Successfully validated 1 migration (execution time 00:00.029s)
2026-09-11T14:25:04.566-07:00  INFO 20011 --- [tunara-api] [           main] o.f.core.internal.command.DbMigrate      : Current version of schema "public": 1
2026-09-11T14:25:04.569-07:00  INFO 20011 --- [tunara-api] [           main] o.f.core.internal.command.DbMigrate      : Schema "public" is up to date. No migration necessary.
2026-09-11T14:25:04.738-07:00  INFO 20011 --- [tunara-api] [           main] org.hibernate.orm.jpa                    : HHH008540: Processing PersistenceUnitInfo [name: default]
2026-09-11T14:25:04.782-07:00  INFO 20011 --- [tunara-api] [           main] org.hibernate.orm.core                   : HHH000001: Hibernate ORM core version 7.4.5.Final
2026-09-11T14:25:05.143-07:00  INFO 20011 --- [tunara-api] [           main] o.s.o.j.p.SpringPersistenceUnitInfo      : No LoadTimeWeaver setup: ignoring JPA class transformer
2026-09-11T14:25:05.219-07:00  INFO 20011 --- [tunara-api] [           main] org.hibernate.orm.connections.pooling    : HHH10001005: Database info:
	Database JDBC URL [jdbc:postgresql://localhost:5432/tunara]
	Database driver: PostgreSQL JDBC Driver
	Database dialect: PostgreSQLDialect
	Database version: 17.11
	Default catalog/schema: tunara/public
	Autocommit mode: undefined/unknown
	Isolation level: READ_COMMITTED [default READ_COMMITTED]
	JDBC fetch size: none
	Pool: DataSourceConnectionProvider
	Minimum pool size: undefined/unknown
	Maximum pool size: undefined/unknown
2026-09-11T14:25:06.339-07:00  INFO 20011 --- [tunara-api] [           main] org.hibernate.orm.core                   : HHH000489: No JTA platform available (set 'hibernate.transaction.jta.platform' to enable JTA platform integration)
2026-09-11T14:25:06.404-07:00  INFO 20011 --- [tunara-api] [           main] j.LocalContainerEntityManagerFactoryBean : Initialized JPA EntityManagerFactory for persistence unit 'default'
2026-09-11T14:25:06.723-07:00  INFO 20011 --- [tunara-api] [           main] o.s.d.j.r.query.QueryEnhancerFactories   : Hibernate is in classpath; If applicable, HQL parser will be used.
2026-09-11T14:25:07.088-07:00  WARN 20011 --- [tunara-api] [           main] .s.a.UserDetailsServiceAutoConfiguration : 

Using generated security password: ffdf6181-2b54-4dca-b3a5-9cc5365537fb

This generated password is for development use only. Your security configuration must be updated before running your application in production.

2026-09-11T14:25:07.093-07:00  INFO 20011 --- [tunara-api] [           main] r$InitializeUserDetailsManagerConfigurer : Global AuthenticationManager configured with UserDetailsService bean with name inMemoryUserDetailsManager
2026-09-11T14:25:07.680-07:00  INFO 20011 --- [tunara-api] [           main] o.s.b.a.e.web.EndpointLinksResolver      : Exposing 2 endpoints beneath base path '/actuator'
2026-09-11T14:25:07.792-07:00  INFO 20011 --- [tunara-api] [           main] o.s.boot.tomcat.TomcatWebServer          : Tomcat started on port 8080 (http) with context path '/'
2026-09-11T14:25:07.809-07:00  INFO 20011 --- [tunara-api] [           main] com.tunara.api.TunaraApiApplication      : Started TunaraApiApplication in 7.176 seconds (process running for 7.679)
2026-09-11T14:25:08.443-07:00  INFO 20011 --- [tunara-api] [nio-8080-exec-1] o.a.c.c.C.[Tomcat].[localhost].[/]       : Initializing Spring DispatcherServlet 'dispatcherServlet'
2026-09-11T14:25:08.444-07:00  INFO 20011 --- [tunara-api] [nio-8080-exec-1] o.s.web.servlet.DispatcherServlet        : Initializing Servlet 'dispatcherServlet'
2026-09-11T14:25:08.446-07:00  INFO 20011 --- [tunara-api] [nio-8080-exec-1] o.s.web.servlet.DispatcherServlet        : Completed initialization in 2 ms
